cold open cleared in 88 presses; state={'mapId': 63, 'warpId': 4294967295, 'x': 4, 'z': 9, 'dir': 1, 'vars': {'0x4106': 1, '0x4073': 0}}
PNG: /tmp/apoc_frames/fresh_base.png
saved checkpoint: /Users/davisfox/Documents/GitHub/the-omni-hack/tools/checkpoints/cur_house.dsv
Microphone successfully inited.
DeSmuME 0.9.12 git#0 ARM64
SoftRasterizer: Running using 10 additional threads. (Multithreading enabled.)

ROM game code: IPKE
ROM crc: 3D69DECA
ROM serial: NTR-IPKE-USA
ROM chipID: 00007FC2
ROM internal name: POKEMON HG
ROM developer: Nintendo

Slot1 auto-selected device type: Retail MC+ROM
Slot2 auto-selected device type: None (0xFF)
BackupDevice: size = 4 Mbit
Already decrypted.
WIFI: MAC Address = 00:09:BF:12:34:56
WIFI: Emulation level is OFF.
MC9: Unverified Backup Memory command: 08 FROM 020DDE94
MC9: Unverified Backup Memory command: 08 FROM 020DDF3C
MC9: Unverified Backup Memory command: 08 FROM 020DDE94
MC9: Unverified Backup Memory command: 08 FROM 020DDF3C
