===== PATH: GNU tools + wine shims =====
===== wine shims (wine/winepath -> GPTK wine64) =====
wine=/Users/davisfox/.omni_winebin/wine winepath=/Users/davisfox/.omni_winebin/winepath gsed=/opt/homebrew/bin/gsed grealpath=/opt/homebrew/bin/grealpath gmktemp=/opt/homebrew/bin/gmktemp make=/opt/homebrew/opt/make/libexec/gnubin/make
===== wine env + init =====
wine-7.7 (Game Porting Toolkit 1.1)
winepath check: Z:\Users\davisfox\Documents\GitHub\the-omni-hack\disasm\pokeheartgold
===== extract Nitro SDK 4.2 -> tools/bin =====
tools/bin (first 8):
BannerViewerTemplate.srl
TXLib.dll
addbanner.exe
attachsign.exe
bin2obj.exe
blxchecker
buryarg.exe
compstatic.exe
===== copy .lcf templates =====
-rw-r--r-- 1 davisfox staff 20118 Jul  2 11:19 ARM9-TS.lcf.template
-rw-r--r-- 1 davisfox staff   588 Jul  2 11:19 mwldarm.response.template
-rw-r--r-- 1 davisfox staff 19302 Jul  2 11:19 sub/ARM7-TS.lcf.template
===== mwccarm smoke test (does wine run the 32-bit compiler?) =====
All rights reserved.
Version 3.0 build 137 (build 137)
Runtime Built: Jan 26 2008 20:45:07

===== make (COMPARE=0, native wine) =====
Thu Jul  2 11:19:36 EDT 2026
MAKE EXIT=0
Thu Jul  2 11:21:30 EDT 2026
----- last 30 lines -----
OverlayModule[102]. Compressed ...     20992 ->     15776
OverlayModule[103]. Compressed ...     10048 ->      7456
OverlayModule[104]. Compressed ...      2080 ->      1800
OverlayModule[105]. Compressed ...      1472 ->      1340
OverlayModule[106]. Compressed ...     11584 ->      5828
OverlayModule[107]. Compressed ...        32 ->        20
OverlayModule[108]. Compressed ...     21600 ->     16664
OverlayModule[109]. Compressed ...      8768 ->      6464
OverlayModule[110]. Compressed ...      5920 ->      4716
OverlayModule[111]. Compressed ...      5216 ->      4264
OverlayModule[112]. Compressed ...    106720 ->     59328
OverlayModule[113]. Compressed ...      5248 ->      4052
OverlayModule[114]. Compressed ...      1248 ->      1052
OverlayModule[115]. Compressed ...      5344 ->      3844
OverlayModule[116]. Compressed ...      1120 ->       852
OverlayModule[117]. Compressed ...      2976 ->      2508
OverlayModule[118]. Compressed ...       672 ->       584
OverlayModule[119]. Compressed ...      5920 ->      4064
OverlayModule[120]. Compressed ...      4928 ->      3736
OverlayModule[121]. Compressed ...      6304 ->      5012
OverlayModule[122]. Compressed ...     17088 ->     12292
OverlayModule[123]. Compressed ...      7136 ->      3960
OverlayModule[124]. Not compressed       352 (enlarged or same size as before)
OverlayModule[125]. Compressed ...        32 ->        20
OverlayModule[126]. Compressed ...        32 ->        20
OverlayModule[127]. Compressed ...        32 ->        20
OverlayModule[128]. Compressed ...        32 ->        20
StaticModule ..... Compressed ...   1122296 ->    762904
wine /Users/davisfox/Documents/GitHub/the-omni-hack/disasm/pokeheartgold//tools/bin/makerom.exe -DHEARTGOLD -DGAME_REMASTER=0 -DENGLISH -DPM_KEEP_ASSERTS -DSDK_ARM9 -DSDK_CODE_ARM -DSDK_FINALROM  -DBUILD_DIR=build/heartgold.us -DNITROFS_FILES="data/UTF16.dat data/area00light.txt data/area01light.txt data/area02light.txt data/arealight.narc data/battle_win.NSCR data/cell0.NCGR data/cell0.NCLR data/clact_default.NANR data/crystal.nsbmd data/demo_climax.narc data/dp_areawindow.NCGR data/dp_areawindow.NCLR data/dun20_01light.txt data/dun20_02light.txt data/dun_sea.nsbtx data/eoo.dat data/exdata.dat data/farm.dat data/field_cutin.narc data/fldtanime.narc data/fs_kanban.nsbca data/ground0.NCGR data/ground0.NCLR data/ground0.NSCR data/gsbr.dat data/guru2.narc data/kemu_itpconv.dat data/kowaza.narc data/lake_anim.nsbtx data/miniasahamabe.nsbtx data/miniasasea.nsbtx data/minihamabe.nsbtx data/minimum.nsbtx data/minirhana.nsbtx data/nfont.NCGR data/nfont.NCLR data/pc.nsbca data/pl_wifi.ncgr data/pl_wm.ncgr data/pl_wm.nclr data/slot.narc data/smptm_koori.NANR data/smptm_koori.NCER data/smptm_koori.NCGR data/smptm_koori.NCLR data/smptm_nemuri.NANR data/smptm_nemuri.NCER data/smptm_nemuri.NCGR data/smptm_nemuri.NCLR data/str2uni.bin data/t3_fl_b.nsbtx data/t3_fl_p.nsbtx data/t3_fl_r.nsbtx data/t3_fl_y.nsbtx data/test.atr data/tmap_block.dat data/tmap_flags.dat data/tradelist.narc data/trapmark.narc data/ug_anim.narc data/ug_base_cur.nsbmd data/ug_boygirl.NCGR data/ug_boygirl.NCLR data/ug_fossil.narc data/ug_hero.NANR data/ug_hero.NCER data/ug_hole.NANR data/ug_hole.NCER data/ug_hole.NCGR data/ug_parts.narc data/ug_radar.narc data/ug_trap.narc data/ugeffect_obj_graphic.narc data/underg_radar.narc data/utility.bin data/weather_sys.narc data/wifi.ncgr data/wifinote.narc data/wifip2pmatch.narc data/wm.ncgr data/wm.nclr data/wm256k.ncgr data/sound/gs_sound_data.sdat msgdata/scenario/scr_msg.narc fielddata/build_model/bm_field.narc fielddata/build_model/bm_room.narc fielddata/build_model/bm_field_matshp.dat fielddata/build_model/bm_room_matshp.dat poketool/personal/pms.narc fielddata/maptable/mapname.bin tel/pmtel_book.dat data/mushi/mushi_trainer.bin data/mushi/mushi_encount.bin fielddata/wazaoshie/waza_oshie.bin a/0/0/0 a/0/0/1 a/0/0/2 a/0/0/3 a/0/0/4 a/0/0/5 a/0/0/6 a/0/0/7 a/0/0/8 a/0/0/9 a/0/1/0 a/0/1/1 a/0/1/2 a/0/1/3 a/0/1/4 a/0/1/5 a/0/1/6 a/0/1/7 a/0/1/8 a/0/1/9 a/0/2/0 a/0/2/1 a/0/2/2 a/0/2/3 a/0/2/4 a/0/2/5 a/0/2/6 a/0/2/7 a/0/2/8 a/0/2/9 a/0/3/0 a/0/3/1 a/0/3/2 a/0/3/3 a/0/3/4 a/0/3/5 a/0/3/6 a/0/3/7 a/0/3/8 a/0/3/9 a/0/4/0 a/0/4/1 a/0/4/2 a/0/4/3 a/0/4/4 a/0/4/5 a/0/4/6 a/0/4/7 a/0/4/8 a/0/4/9 a/0/5/0 a/0/5/1 a/0/5/2 a/0/5/3 a/0/5/4 a/0/5/5 a/0/5/6 a/0/5/7 a/0/5/8 a/0/5/9 a/0/6/0 a/0/6/1 a/0/6/2 a/0/6/3 a/0/6/4 a/0/6/5 a/0/6/6 a/0/6/7 a/0/6/8 a/0/6/9 a/0/7/0 a/0/7/1 a/0/7/2 a/0/7/3 a/0/7/4 a/0/7/5 a/0/7/6 a/0/7/7 a/0/7/8 a/0/7/9 a/0/8/0 a/0/8/1 a/0/8/2 a/0/8/3 a/0/8/4 a/0/8/5 a/0/8/6 a/0/8/7 a/0/8/8 a/0/8/9 a/0/9/0 a/0/9/1 a/0/9/2 a/0/9/3 a/0/9/4 a/0/9/5 a/0/9/6 a/0/9/7 a/0/9/8 a/0/9/9 a/1/0/0 a/1/0/1 a/1/0/2 a/1/0/3 a/1/0/4 a/1/0/5 a/1/0/6 a/1/0/7 a/1/0/8 a/1/0/9 a/1/1/0 a/1/1/1 a/1/1/2 a/1/1/3 a/1/1/4 a/1/1/5 a/1/1/6 a/1/1/7 a/1/1/8 a/1/1/9 a/1/2/0 a/1/2/1 a/1/2/2 a/1/2/3 a/1/2/4 a/1/2/5 a/1/2/6 a/1/2/7 a/1/2/8 a/1/2/9 a/1/3/0 a/1/3/1 a/1/3/2 a/1/3/3 a/1/3/4 a/1/3/5 a/1/3/6 a/1/3/7 a/1/3/8 a/1/3/9 a/1/4/0 a/1/4/1 a/1/4/2 a/1/4/3 a/1/4/4 a/1/4/5 a/1/4/6 a/1/4/7 a/1/4/8 a/1/4/9 a/1/5/0 a/1/5/1 a/1/5/2 a/1/5/3 a/1/5/4 a/1/5/5 a/1/5/6 a/1/5/7 a/1/5/8 a/1/5/9 a/1/6/0 a/1/6/1 a/1/6/2 a/1/6/3 a/1/6/4 a/1/6/5 a/1/6/6 a/1/6/7 a/1/6/8 a/1/6/9 a/1/7/0 a/1/7/1 a/1/7/2 a/1/7/3 a/1/7/4 a/1/7/5 a/1/7/6 a/1/7/7 a/1/7/8 a/1/7/9 a/1/8/0 a/1/8/1 a/1/8/2 a/1/8/3 a/1/8/4 a/1/8/5 a/1/8/6 a/1/8/7 a/1/8/8 a/1/8/9 a/1/9/0 a/1/9/1 a/1/9/2 a/1/9/3 pbr/pokegra.narc pbr/otherpoke.narc a/1/9/4 a/1/9/5 a/1/9/6 a/1/9/7 a/1/9/8 a/1/9/9 a/2/0/0 a/2/0/1 a/2/0/2 a/2/0/3 a/2/0/4 a/2/0/5 a/2/0/6 a/2/0/7 a/2/0/8 a/2/0/9 a/2/1/0 a/2/1/1 a/2/1/2 a/2/1/3 a/2/1/4 a/2/1/5 a/2/1/6 a/2/1/7 a/2/1/8 a/2/1/9 a/2/2/0 a/2/2/1 a/2/2/2 a/2/2/3 a/2/2/4 a/2/2/5 a/2/2/6 a/2/2/7 a/2/2/8 a/2/2/9 a/2/3/0 a/2/3/1 a/2/3/2 a/2/3/3 a/2/3/4 a/2/3/5 a/2/3/6 a/2/3/7 a/2/3/8 a/2/3/9 a/2/4/0 a/2/4/1 a/2/4/2 a/2/4/3 a/2/4/4 a/2/4/5 a/2/4/6 a/2/4/7 a/2/4/8 a/2/4/9 a/2/5/0 a/2/5/1 a/2/5/2 a/2/5/3 a/2/5/4 a/2/5/5 a/2/5/6 a/2/5/7 a/2/5/8 a/2/5/9 a/2/6/0 a/2/6/1 a/2/6/2 a/2/6/3 a/2/6/4 pbr/b_plist_gra.narc pbr/bag_gra.narc pbr/batt_bg.narc pbr/batt_obj.narc pbr/font.narc pbr/growtbl.narc pbr/item_data.narc pbr/msg.narc pbr/pbr_file.inc pbr/personal.narc pbr/plist_gra.narc pbr/poke_anm.narc pbr/poke_icon.narc pbr/pokeanm.narc pbr/pokezukan.narc pbr/pst_gra.narc pbr/sound_data.sdat pbr/waza_tbl.narc pbr/winframe.narc pbr/poketch.narc pbr/zukan.narc dwc/utility.bin" -DTITLE_NAME="POKEMON HG" -DBNR="build/heartgold.us/pokeheartgold.us.bnr" -DHEADER_TEMPLATE="heartgold.us/rom_header_template.sbin" rom.rsf build/heartgold.us/pokeheartgold.us.nds
/Users/davisfox/Documents/GitHub/the-omni-hack/disasm/pokeheartgold//tools/fixrom/fixrom build/heartgold.us/pokeheartgold.us.nds --secure-crc 0xA0FF --game-code IPKE
----- resulting .nds -----
-rw-r--r-- 1 davisfox staff 128M Jul  2 11:21 ./build/heartgold.us/pokeheartgold.us.nds
